
> daify@0.1.0 test:prototype
> playwright test

[WebServer] ::ffff:127.0.0.1 - - [12/Sep/2026 02:55:25] "GET /index.html HTTP/1.1" 200 -

Running 17 tests using 4 workers

(node:31647) Warning: The 'NO_COLOR' env is ignored due to the 'FORCE_COLOR' env being set.
(Use `node --trace-warnings ...` to show where the warning was created)
(node:31648) Warning: The 'NO_COLOR' env is ignored due to the 'FORCE_COLOR' env being set.
(Use `node --trace-warnings ...` to show where the warning was created)
(node:31650) Warning: The 'NO_COLOR' env is ignored due to the 'FORCE_COLOR' env being set.
(Use `node --trace-warnings ...` to show where the warning was created)
(node:31649) Warning: The 'NO_COLOR' env is ignored due to the 'FORCE_COLOR' env being set.
(Use `node --trace-warnings ...` to show where the warning was created)
[WebServer] ::1 - - [12/Sep/2026 02:55:26] "GET /templates/feast.html HTTP/1.1" 200 -
[WebServer] ::1 - - [12/Sep/2026 02:55:26] "GET /templates/feast.html HTTP/1.1" 200 -
[WebServer] ::1 - - [12/Sep/2026 02:55:26] "GET /templates/feast.html HTTP/1.1" 200 -
[WebServer] ::1 - - [12/Sep/2026 02:55:26] "GET /templates/feast.html HTTP/1.1" 200 -
[WebServer] ::1 - - [12/Sep/2026 02:55:26] "GET /assets/css/templates/base-menu.css HTTP/1.1" 200 -
[WebServer] ::1 - - [12/Sep/2026 02:55:26] "GET /assets/css/templates/feast.css HTTP/1.1" 200 -
[WebServer] ::1 - - [12/Sep/2026 02:55:26] "GET /assets/css/templates/base-menu.css HTTP/1.1" 200 -
[WebServer] ::1 - - [12/Sep/2026 02:55:26] "GET /assets/js/menu/menu-data.js HTTP/1.1" 200 -
[WebServer] ::1 - - [12/Sep/2026 02:55:26] "GET /assets/css/templates/base-menu.css HTTP/1.1" 200 -
[WebServer] ::1 - - [12/Sep/2026 02:55:26] "GET /assets/css/templates/base-menu.css HTTP/1.1" 200 -
[WebServer] ::1 - - [12/Sep/2026 02:55:26] "GET /assets/css/templates/feast.css HTTP/1.1" 200 -
[WebServer] ::1 - - [12/Sep/2026 02:55:26] "GET /assets/css/templates/feast.css HTTP/1.1" 200 -
[WebServer] ::1 - - [12/Sep/2026 02:55:26] "GET /assets/css/templates/feast.css HTTP/1.1" 200 -
[WebServer] ::1 - - [12/Sep/2026 02:55:26] "GET /assets/js/menu/menu-data.js HTTP/1.1" 200 -
[WebServer] ::1 - - [12/Sep/2026 02:55:26] "GET /assets/js/menu/templates-config.js HTTP/1.1" 200 -
[WebServer] ::1 - - [12/Sep/2026 02:55:26] "GET /assets/js/menu/menu-data.js HTTP/1.1" 200 -
[WebServer] ::1 - - [12/Sep/2026 02:55:26] "GET /assets/js/menu/templates-config.js HTTP/1.1" 200 -
[WebServer] ::1 - - [12/Sep/2026 02:55:26] "GET /assets/js/menu/theme-controller.js HTTP/1.1" 200 -
[WebServer] ::1 - - [12/Sep/2026 02:55:26] "GET /assets/js/menu/feast-renderer.js HTTP/1.1" 200 -
[WebServer] ::1 - - [12/Sep/2026 02:55:26] "GET /assets/js/menu/template-controller.js HTTP/1.1" 200 -
[WebServer] ::1 - - [12/Sep/2026 02:55:26] "GET /assets/js/menu/templates-config.js HTTP/1.1" 200 -
[WebServer] ::1 - - [12/Sep/2026 02:55:26] "GET /assets/js/menu/theme-controller.js HTTP/1.1" 200 -
[WebServer] ::1 - - [12/Sep/2026 02:55:26] "GET /assets/js/menu/feast-renderer.js HTTP/1.1" 200 -
[WebServer] ::1 - - [12/Sep/2026 02:55:26] "GET /assets/js/menu/template-controller.js HTTP/1.1" 200 -
[WebServer] ::1 - - [12/Sep/2026 02:55:26] "GET /assets/js/menu/templates-config.js HTTP/1.1" 200 -
[WebServer] ::1 - - [12/Sep/2026 02:55:26] "GET /assets/js/menu/menu-data.js HTTP/1.1" 200 -
[WebServer] ::1 - - [12/Sep/2026 02:55:26] "GET /assets/js/menu/feast-renderer.js HTTP/1.1" 200 -
[WebServer] ::1 - - [12/Sep/2026 02:55:26] "GET /assets/js/menu/theme-controller.js HTTP/1.1" 200 -
[WebServer] ::1 - - [12/Sep/2026 02:55:26] "GET /assets/js/menu/theme-controller.js HTTP/1.1" 200 -
[WebServer] ::1 - - [12/Sep/2026 02:55:26] "GET /assets/js/menu/feast-renderer.js HTTP/1.1" 200 -
[WebServer] ::1 - - [12/Sep/2026 02:55:26] "GET /assets/js/menu/template-controller.js HTTP/1.1" 200 -
[WebServer] ::1 - - [12/Sep/2026 02:55:26] "GET /assets/js/menu/template-controller.js HTTP/1.1" 200 -
[WebServer] ::1 - - [12/Sep/2026 02:55:26] "GET /assets/images/oliva-seabass.png HTTP/1.1" 200 -
[WebServer] ::1 - - [12/Sep/2026 02:55:26] "GET /assets/images/oliva-seabass.png HTTP/1.1" 200 -
[WebServer] ::1 - - [12/Sep/2026 02:55:26] "GET /assets/images/oliva-seabass.png HTTP/1.1" 200 -
[WebServer] ::1 - - [12/Sep/2026 02:55:26] "GET /assets/images/oliva-seabass.png HTTP/1.1" 200 -
[WebServer] ::1 - - [12/Sep/2026 02:55:26] "GET /assets/images/menu/whipped-feta.jpg HTTP/1.1" 200 -
[WebServer] ::1 - - [12/Sep/2026 02:55:26] "GET /assets/images/menu/whipped-feta.jpg HTTP/1.1" 200 -
[WebServer] ::1 - - [12/Sep/2026 02:55:26] "GET /assets/images/menu/charred-octopus.jpg HTTP/1.1" 200 -
[WebServer] ::1 - - [12/Sep/2026 02:55:26] "GET /assets/images/menu/whipped-feta.jpg HTTP/1.1" 200 -
[WebServer] ::1 - - [12/Sep/2026 02:55:26] "GET /assets/images/menu/charred-octopus.jpg HTTP/1.1" 200 -
[WebServer] ::1 - - [12/Sep/2026 02:55:26] "GET /assets/images/menu/whipped-feta.jpg HTTP/1.1" 200 -
[WebServer] ::1 - - [12/Sep/2026 02:55:26] "GET /assets/images/menu/green-herb-hummus.jpg HTTP/1.1" 200 -
[WebServer] ::1 - - [12/Sep/2026 02:55:26] "GET /assets/images/menu/charred-octopus.jpg HTTP/1.1" 200 -
[WebServer] ::1 - - [12/Sep/2026 02:55:26] "GET /assets/images/menu/lamb-kibbeh.jpg HTTP/1.1" 200 -
[WebServer] ::1 - - [12/Sep/2026 02:55:26] "GET /assets/images/menu/charred-octopus.jpg HTTP/1.1" 200 -
[WebServer] ::1 - - [12/Sep/2026 02:55:26] "GET /assets/images/menu/green-herb-hummus.jpg HTTP/1.1" 200 -
[WebServer] ::1 - - [12/Sep/2026 02:55:26] "GET /assets/images/menu/green-herb-hummus.jpg HTTP/1.1" 200 -
[WebServer] ::1 - - [12/Sep/2026 02:55:26] "GET /assets/images/menu/green-herb-hummus.jpg HTTP/1.1" 200 -
[WebServer] ::1 - - [12/Sep/2026 02:55:26] "GET /assets/images/menu/lamb-kibbeh.jpg HTTP/1.1" 200 -
[WebServer] ::1 - - [12/Sep/2026 02:55:26] "GET /assets/images/menu/burrata-tomato.jpg HTTP/1.1" 200 -
[WebServer] ::1 - - [12/Sep/2026 02:55:26] "GET /assets/images/menu/lamb-kibbeh.jpg HTTP/1.1" 200 -
[WebServer] ::1 - - [12/Sep/2026 02:55:26] "GET /assets/images/menu/burrata-tomato.jpg HTTP/1.1" 200 -
[WebServer] ::1 - - [12/Sep/2026 02:55:26] "GET /assets/images/menu/garden-fattoush.jpg HTTP/1.1" 200 -
[WebServer] ::1 - - [12/Sep/2026 02:55:26] "GET /assets/images/menu/lamb-kibbeh.jpg HTTP/1.1" 200 -
[WebServer] ::1 - - [12/Sep/2026 02:55:26] "GET /assets/images/menu/peach-halloumi.jpg HTTP/1.1" 200 -
[WebServer] ::1 - - [12/Sep/2026 02:55:26] "GET /assets/images/menu/garden-fattoush.jpg HTTP/1.1" 200 -
[WebServer] ::1 - - [12/Sep/2026 02:55:26] "GET /assets/images/menu/burrata-tomato.jpg HTTP/1.1" 200 -
[WebServer] ::1 - - [12/Sep/2026 02:55:26] "GET /assets/images/menu/garden-fattoush.jpg HTTP/1.1" 200 -
[WebServer] ::1 - - [12/Sep/2026 02:55:26] "GET /assets/images/menu/garden-fattoush.jpg HTTP/1.1" 200 -
[WebServer] ::1 - - [12/Sep/2026 02:55:26] "GET /assets/images/menu/burrata-tomato.jpg HTTP/1.1" 200 -
[WebServer] ::1 - - [12/Sep/2026 02:55:26] "GET /assets/images/menu/peach-halloumi.jpg HTTP/1.1" 200 -
[WebServer] ::1 - - [12/Sep/2026 02:55:26] "GET /assets/images/menu/peach-halloumi.jpg HTTP/1.1" 200 -
[WebServer] ::1 - - [12/Sep/2026 02:55:26] "GET /assets/images/menu/peach-halloumi.jpg HTTP/1.1" 200 -
  ✓   1 [chromium] › tests/feast-template.spec.js:7:3 › Feast renderer — standalone template page › renders the shared menu data with all sections and items (1.4s)
[WebServer] ::1 - - [12/Sep/2026 02:55:27] "GET /assets/images/menu/charred-lemon-chicken.jpg HTTP/1.1" 200 -
[WebServer] ::1 - - [12/Sep/2026 02:55:27] "GET /assets/images/menu/roasted-aubergine.jpg HTTP/1.1" 200 -
[WebServer] ::1 - - [12/Sep/2026 02:55:27] "GET /assets/images/menu/lamb-kofta.jpg HTTP/1.1" 200 -
  ✓   4 [chromium] › tests/feast-template.spec.js:13:3 › Feast renderer — standalone template page › search filters items and shows the empty state on no match (1.4s)
[WebServer] ::1 - - [12/Sep/2026 02:55:27] "GET /assets/images/menu/warm-lentil-salad.jpg HTTP/1.1" 200 -
[WebServer] ::1 - - [12/Sep/2026 02:55:27] "GET /templates/feast.html HTTP/1.1" 200 -
[WebServer] ::1 - - [12/Sep/2026 02:55:27] "GET /assets/css/templates/base-menu.css HTTP/1.1" 200 -
[WebServer] ::1 - - [12/Sep/2026 02:55:27] "GET /assets/css/templates/feast.css HTTP/1.1" 200 -
[WebServer] ::1 - - [12/Sep/2026 02:55:27] "GET /assets/js/menu/menu-data.js HTTP/1.1" 200 -
[WebServer] ::1 - - [12/Sep/2026 02:55:27] "GET /assets/js/menu/theme-controller.js HTTP/1.1" 200 -
[WebServer] ::1 - - [12/Sep/2026 02:55:27] "GET /assets/js/menu/templates-config.js HTTP/1.1" 200 -
[WebServer] ::1 - - [12/Sep/2026 02:55:27] "GET /assets/js/menu/feast-renderer.js HTTP/1.1" 200 -
[WebServer] ::1 - - [12/Sep/2026 02:55:27] "GET /templates/feast.html?lang=ar HTTP/1.1" 200 -
[WebServer] ::1 - - [12/Sep/2026 02:55:27] "GET /assets/css/templates/feast.css HTTP/1.1" 200 -
[WebServer] ::1 - - [12/Sep/2026 02:55:27] "GET /assets/css/templates/base-menu.css HTTP/1.1" 200 -
[WebServer] ::1 - - [12/Sep/2026 02:55:27] "GET /assets/js/menu/menu-data.js HTTP/1.1" 200 -
[WebServer] ::1 - - [12/Sep/2026 02:55:27] "GET /assets/js/menu/templates-config.js HTTP/1.1" 200 -
[WebServer] ::1 - - [12/Sep/2026 02:55:27] "GET /assets/js/menu/theme-controller.js HTTP/1.1" 200 -
[WebServer] ::1 - - [12/Sep/2026 02:55:27] "GET /assets/js/menu/feast-renderer.js HTTP/1.1" 200 -
[WebServer] ::1 - - [12/Sep/2026 02:55:27] "GET /assets/js/menu/template-controller.js HTTP/1.1" 200 -
[WebServer] ::1 - - [12/Sep/2026 02:55:27] "GET /assets/js/menu/template-controller.js HTTP/1.1" 200 -
[WebServer] ::1 - - [12/Sep/2026 02:55:27] "GET /assets/images/menu/warm-lentil-salad.jpg HTTP/1.1" 200 -
[WebServer] ::1 - - [12/Sep/2026 02:55:27] "GET /assets/images/menu/truffle-rigatoni.jpg HTTP/1.1" 200 -
[WebServer] ::1 - - [12/Sep/2026 02:55:27] "GET /assets/images/menu/lemon-linguine.jpg HTTP/1.1" 200 -
[WebServer] ::1 - - [12/Sep/2026 02:55:27] "GET /assets/images/menu/charred-lemon-chicken.jpg HTTP/1.1" 200 -
[WebServer] ::1 - - [12/Sep/2026 02:55:27] "GET /assets/images/menu/lamb-kofta.jpg HTTP/1.1" 200 -
[WebServer] ::1 - - [12/Sep/2026 02:55:27] "GET /assets/images/menu/roasted-aubergine.jpg HTTP/1.1" 200 -
[WebServer] ::1 - - [12/Sep/2026 02:55:27] "GET /assets/images/menu/olive-oil-cake.jpg HTTP/1.1" 200 -
[WebServer] ::1 - - [12/Sep/2026 02:55:27] "GET /assets/images/oliva-seabass.png HTTP/1.1" 200 -
  ✓   2 [chromium] › tests/feast-template.spec.js:27:3 › Feast renderer — standalone template page › tapping an item opens the detail sheet with matching content (1.9s)
[WebServer] ::1 - - [12/Sep/2026 02:55:27] "GET /assets/images/menu/whipped-feta.jpg HTTP/1.1" 200 -
[WebServer] ::1 - - [12/Sep/2026 02:55:27] "GET /assets/images/menu/charred-octopus.jpg HTTP/1.1" 200 -
[WebServer] ::1 - - [12/Sep/2026 02:55:27] "GET /assets/images/menu/green-herb-hummus.jpg HTTP/1.1" 200 -
[WebServer] ::1 - - [12/Sep/2026 02:55:27] "GET /assets/images/menu/lamb-kibbeh.jpg HTTP/1.1" 200 -
[WebServer] ::1 - - [12/Sep/2026 02:55:27] "GET /assets/images/menu/burrata-tomato.jpg HTTP/1.1" 200 -
[WebServer] ::1 - - [12/Sep/2026 02:55:27] "GET /assets/images/menu/garden-fattoush.jpg HTTP/1.1" 200 -
[WebServer] ::1 - - [12/Sep/2026 02:55:27] "GET /assets/images/menu/peach-halloumi.jpg HTTP/1.1" 200 -
[WebServer] ::1 - - [12/Sep/2026 02:55:27] "GET /assets/images/menu/tahini-chocolate-tart.jpg HTTP/1.1" 200 -
[WebServer] ::1 - - [12/Sep/2026 02:55:27] "GET /assets/images/menu/pistachio-baklava.jpg HTTP/1.1" 200 -
[WebServer] ::1 - - [12/Sep/2026 02:55:27] "GET /assets/images/oliva-seabass.png HTTP/1.1" 200 -
[WebServer] ::1 - - [12/Sep/2026 02:55:27] "GET /assets/images/menu/whipped-feta.jpg HTTP/1.1" 200 -
[WebServer] ::1 - - [12/Sep/2026 02:55:27] "GET /assets/images/menu/green-herb-hummus.jpg HTTP/1.1" 200 -
[WebServer] ::1 - - [12/Sep/2026 02:55:27] "GET /assets/images/menu/charred-octopus.jpg HTTP/1.1" 200 -
[WebServer] ::1 - - [12/Sep/2026 02:55:27] "GET /assets/images/menu/lamb-kibbeh.jpg HTTP/1.1" 200 -
[WebServer] ::1 - - [12/Sep/2026 02:55:27] "GET /assets/images/menu/burrata-tomato.jpg HTTP/1.1" 200 -
[WebServer] ::1 - - [12/Sep/2026 02:55:27] "GET /assets/images/menu/garden-fattoush.jpg HTTP/1.1" 200 -
[WebServer] ::1 - - [12/Sep/2026 02:55:27] "GET /templates/feast.html HTTP/1.1" 200 -
[WebServer] ::1 - - [12/Sep/2026 02:55:27] "GET /assets/images/menu/peach-halloumi.jpg HTTP/1.1" 200 -
[WebServer] ::1 - - [12/Sep/2026 02:55:27] "GET /assets/css/templates/base-menu.css HTTP/1.1" 200 -
[WebServer] ::1 - - [12/Sep/2026 02:55:27] "GET /assets/css/templates/feast.css HTTP/1.1" 200 -
[WebServer] ::1 - - [12/Sep/2026 02:55:27] "GET /assets/images/menu/fig-panna-cotta.jpg HTTP/1.1" 200 -
[WebServer] ::1 - - [12/Sep/2026 02:55:27] "GET /assets/js/menu/menu-data.js HTTP/1.1" 200 -
[WebServer] ::1 - - [12/Sep/2026 02:55:27] "GET /assets/js/menu/templates-config.js HTTP/1.1" 200 -
[WebServer] ::1 - - [12/Sep/2026 02:55:27] "GET /assets/js/menu/theme-controller.js HTTP/1.1" 200 -
[WebServer] ::1 - - [12/Sep/2026 02:55:27] "GET /assets/js/menu/feast-renderer.js HTTP/1.1" 200 -
[WebServer] ::1 - - [12/Sep/2026 02:55:27] "GET /assets/js/menu/template-controller.js HTTP/1.1" 200 -
[WebServer] ::1 - - [12/Sep/2026 02:55:28] "GET /assets/images/menu/rosemary-lemonade.jpg HTTP/1.1" 200 -
[WebServer] ::1 - - [12/Sep/2026 02:55:28] "GET /assets/images/menu/hibiscus-cooler.jpg HTTP/1.1" 200 -
[WebServer] ::1 - - [12/Sep/2026 02:55:28] "GET /assets/images/menu/orange-blossom-cold-brew.jpg HTTP/1.1" 200 -
[WebServer] ::1 - - [12/Sep/2026 02:55:28] "GET /assets/images/menu/sparkling-water.jpg HTTP/1.1" 200 -
[WebServer] ::1 - - [12/Sep/2026 02:55:28] "GET /assets/images/menu/warm-lentil-salad.jpg HTTP/1.1" 200 -
[WebServer] ::1 - - [12/Sep/2026 02:55:28] "GET /assets/images/menu/truffle-rigatoni.jpg HTTP/1.1" 200 -
[WebServer] ::1 - - [12/Sep/2026 02:55:28] "GET /assets/images/menu/lemon-linguine.jpg HTTP/1.1" 200 -
[WebServer] ::1 - - [12/Sep/2026 02:55:28] "GET /assets/images/menu/charred-lemon-chicken.jpg HTTP/1.1" 200 -
[WebServer] ::1 - - [12/Sep/2026 02:55:28] "GET /assets/images/menu/lamb-kofta.jpg HTTP/1.1" 200 -
[WebServer] ::1 - - [12/Sep/2026 02:55:28] "GET /assets/images/menu/roasted-aubergine.jpg HTTP/1.1" 200 -
[WebServer] ::1 - - [12/Sep/2026 02:55:28] "GET /assets/images/menu/olive-oil-cake.jpg HTTP/1.1" 200 -
  ✓   5 [chromium] › tests/feast-template.spec.js:39:3 › Feast renderer — standalone template page › unavailable items are flagged in both the card and the detail sheet (997ms)
[WebServer] ::1 - - [12/Sep/2026 02:55:28] "GET /assets/images/oliva-seabass.png HTTP/1.1" 200 -
  ✓   6 [chromium] › tests/feast-template.spec.js:46:3 › Feast renderer — standalone template page › Arabic sets RTL and keeps prices legible (975ms)
[WebServer] ::1 - - [12/Sep/2026 02:55:28] "GET /assets/images/menu/burrata-tomato.jpg HTTP/1.1" 200 -
[WebServer] ::1 - - [12/Sep/2026 02:55:28] "GET /assets/images/menu/lamb-kibbeh.jpg HTTP/1.1" 200 -
[WebServer] ::1 - - [12/Sep/2026 02:55:28] "GET /assets/images/menu/garden-fattoush.jpg HTTP/1.1" 200 -
[WebServer] ::1 - - [12/Sep/2026 02:55:28] "GET /assets/images/menu/whipped-feta.jpg HTTP/1.1" 200 -
[WebServer] ::1 - - [12/Sep/2026 02:55:28] "GET /assets/images/menu/green-herb-hummus.jpg HTTP/1.1" 200 -
[WebServer] ::1 - - [12/Sep/2026 02:55:28] "GET /assets/images/menu/charred-octopus.jpg HTTP/1.1" 200 -
[WebServer] ::1 - - [12/Sep/2026 02:55:28] "GET /assets/images/menu/peach-halloumi.jpg HTTP/1.1" 200 -
[WebServer] ::1 - - [12/Sep/2026 02:55:28] "GET /template-preview.html?template=feast HTTP/1.1" 200 -
[WebServer] ::1 - - [12/Sep/2026 02:55:28] "GET /assets/css/variables.css HTTP/1.1" 200 -
[WebServer] ::1 - - [12/Sep/2026 02:55:28] "GET /assets/css/reset.css HTTP/1.1" 200 -
[WebServer] ::1 - - [12/Sep/2026 02:55:28] "GET /assets/css/template-preview.css HTTP/1.1" 200 -
[WebServer] ::1 - - [12/Sep/2026 02:55:28] "GET /assets/js/menu/templates-config.js HTTP/1.1" 200 -
[WebServer] ::1 - - [12/Sep/2026 02:55:28] "GET /assets/branding/daify-logo-light.png HTTP/1.1" 200 -
[WebServer] ::1 - - [12/Sep/2026 02:55:28] "GET /assets/js/menu/template-preview.js HTTP/1.1" 200 -
[WebServer] ::1 - - [12/Sep/2026 02:55:28] "GET /template-preview.html?template=atelier HTTP/1.1" 200 -
[WebServer] ::1 - - [12/Sep/2026 02:55:28] "GET /assets/css/reset.css HTTP/1.1" 200 -
[WebServer] ::1 - - [12/Sep/2026 02:55:28] "GET /assets/css/variables.css HTTP/1.1" 200 -
[WebServer] ::1 - - [12/Sep/2026 02:55:28] "GET /assets/css/template-preview.css HTTP/1.1" 200 -
[WebServer] ::1 - - [12/Sep/2026 02:55:28] "GET /assets/js/menu/templates-config.js HTTP/1.1" 200 -
[WebServer] ::1 - - [12/Sep/2026 02:55:28] "GET /assets/branding/daify-logo-light.png HTTP/1.1" 200 -
[WebServer] ::1 - - [12/Sep/2026 02:55:28] "GET /assets/js/menu/template-preview.js HTTP/1.1" 200 -
  ✓   3 [chromium] › tests/feast-template.spec.js:21:3 › Feast renderer — standalone template page › category nav scrolls to and activates the target section (2.7s)
[WebServer] ::1 - - [12/Sep/2026 02:55:28] "GET /template-preview.html?template=feast HTTP/1.1" 200 -
[WebServer] ::1 - - [12/Sep/2026 02:55:28] "GET /assets/css/variables.css HTTP/1.1" 200 -
[WebServer] ::1 - - [12/Sep/2026 02:55:28] "GET /assets/css/reset.css HTTP/1.1" 200 -
[WebServer] ::1 - - [12/Sep/2026 02:55:28] "GET /assets/css/template-preview.css HTTP/1.1" 200 -
[WebServer] ::1 - - [12/Sep/2026 02:55:28] "GET /assets/js/menu/templates-config.js HTTP/1.1" 200 -
[WebServer] ::1 - - [12/Sep/2026 02:55:28] "GET /assets/branding/daify-logo-light.png HTTP/1.1" 200 -
[WebServer] ::1 - - [12/Sep/2026 02:55:28] "GET /assets/js/menu/template-preview.js HTTP/1.1" 200 -
  ✓   7 [chromium] › tests/feast-template.spec.js:52:3 › Feast renderer — standalone template page › missing images, empty categories, and very long names render without breaking (913ms)
[WebServer] ::1 - - [12/Sep/2026 02:55:28] "GET /templates/feast.html HTTP/1.1" 200 -
[WebServer] ::1 - - [12/Sep/2026 02:55:28] "GET /assets/css/templates/base-menu.css HTTP/1.1" 200 -
[WebServer] ::1 - - [12/Sep/2026 02:55:28] "GET /assets/js/menu/theme-controller.js HTTP/1.1" 200 -
[WebServer] ::1 - - [12/Sep/2026 02:55:28] "GET /assets/js/menu/templates-config.js HTTP/1.1" 200 -
[WebServer] ::1 - - [12/Sep/2026 02:55:28] "GET /assets/js/menu/menu-data.js HTTP/1.1" 200 -
[WebServer] ::1 - - [12/Sep/2026 02:55:28] "GET /assets/js/menu/feast-renderer.js HTTP/1.1" 200 -
[WebServer] ::1 - - [12/Sep/2026 02:55:28] "GET /assets/css/templates/feast.css HTTP/1.1" 200 -
[WebServer] ::1 - - [12/Sep/2026 02:55:28] "GET /assets/js/menu/template-controller.js HTTP/1.1" 200 -
[WebServer] ::1 - - [12/Sep/2026 02:55:28] "GET /templates/feast.html?embed=1&sample=1&lang=en HTTP/1.1" 200 -
[WebServer] ::1 - - [12/Sep/2026 02:55:28] "GET /assets/images/template-covers-v2/atelier.png HTTP/1.1" 200 -
[WebServer] ::1 - - [12/Sep/2026 02:55:28] "GET /assets/images/template-covers-v2/verde.png HTTP/1.1" 200 -
[WebServer] ::1 - - [12/Sep/2026 02:55:28] "GET /assets/images/template-covers-v2/amalfi.png HTTP/1.1" 200 -
[WebServer] ::1 - - [12/Sep/2026 02:55:28] "GET /assets/images/template-covers-v2/noir.png HTTP/1.1" 200 -
[WebServer] ::1 - - [12/Sep/2026 02:55:28] "GET /assets/images/template-covers-v2/sora.png HTTP/1.1" 200 -
[WebServer] ::1 - - [12/Sep/2026 02:55:28] "GET /assets/css/templates/base-menu.css HTTP/1.1" 200 -
[WebServer] ::1 - - [12/Sep/2026 02:55:28] "GET /assets/css/templates/feast.css HTTP/1.1" 200 -
[WebServer] ::1 - - [12/Sep/2026 02:55:28] "GET /assets/js/menu/menu-data.js HTTP/1.1" 200 -
[WebServer] ::1 - - [12/Sep/2026 02:55:28] "GET /templates/atelier.html?embed=1&sample=1&lang=en HTTP/1.1" 200 -
[WebServer] ::1 - - [12/Sep/2026 02:55:28] "GET /assets/images/template-covers-v2/atelier.png HTTP/1.1" 200 -
[WebServer] ::1 - - [12/Sep/2026 02:55:28] "GET /assets/js/menu/theme-controller.js HTTP/1.1" 200 -
[WebServer] ::1 - - [12/Sep/2026 02:55:28] "GET /assets/images/template-covers-v2/verde.png HTTP/1.1" 200 -
[WebServer] ::1 - - [12/Sep/2026 02:55:28] "GET /assets/images/template-covers-v2/noir.png HTTP/1.1" 200 -
[WebServer] ::1 - - [12/Sep/2026 02:55:28] "GET /assets/images/template-covers-v2/amalfi.png HTTP/1.1" 200 -
[WebServer] ::1 - - [12/Sep/2026 02:55:28] "GET /assets/js/menu/feast-renderer.js HTTP/1.1" 200 -
[WebServer] ::1 - - [12/Sep/2026 02:55:28] "GET /assets/css/templates/atelier.css HTTP/1.1" 200 -
[WebServer] ::1 - - [12/Sep/2026 02:55:28] "GET /assets/css/templates/base-menu.css HTTP/1.1" 200 -
[WebServer] ::1 - - [12/Sep/2026 02:55:28] "GET /assets/js/menu/template-controller.js HTTP/1.1" 200 -
[WebServer] ::1 - - [12/Sep/2026 02:55:28] "GET /assets/css/templates/polish.css HTTP/1.1" 200 -
[WebServer] ::1 - - [12/Sep/2026 02:55:28] "GET /assets/js/menu/menu-data.js HTTP/1.1" 200 -
[WebServer] ::1 - - [12/Sep/2026 02:55:28] "GET /assets/js/menu/theme-controller.js HTTP/1.1" 200 -
[WebServer] ::1 - - [12/Sep/2026 02:55:28] "GET /assets/js/menu/template-controller.js HTTP/1.1" 200 -
[WebServer] ::1 - - [12/Sep/2026 02:55:28] "GET /assets/js/menu/menu-renderer.js HTTP/1.1" 200 -
[WebServer] ::1 - - [12/Sep/2026 02:55:28] "GET /assets/images/template-covers-v2/sora.png HTTP/1.1" 200 -
[WebServer] ::1 - - [12/Sep/2026 02:55:28] "GET /assets/images/template-covers-v2/ember.png HTTP/1.1" 200 -
[WebServer] ::1 - - [12/Sep/2026 02:55:28] "GET /assets/images/template-covers-v2/souk.png HTTP/1.1" 200 -
[WebServer] ::1 - - [12/Sep/2026 02:55:28] "GET /assets/images/template-covers-v2/mellow.png HTTP/1.1" 200 -
[WebServer] ::1 - - [12/Sep/2026 02:55:28] "GET /assets/images/template-covers-v2/mellow.png HTTP/1.1" 200 -
[WebServer] ::1 - - [12/Sep/2026 02:55:28] "GET /assets/images/template-covers-v2/feast.png HTTP/1.1" 200 -
[WebServer] ::1 - - [12/Sep/2026 02:55:28] "GET /assets/images/template-covers-v2/feast.png HTTP/1.1" 200 -
[WebServer] ::1 - - [12/Sep/2026 02:55:28] "GET /assets/images/template-covers-v2/ember.png HTTP/1.1" 200 -
[WebServer] ::1 - - [12/Sep/2026 02:55:28] "GET /assets/images/template-covers-v2/souk.png HTTP/1.1" 200 -
[WebServer] ::1 - - [12/Sep/2026 02:55:29] "GET /templates/feast.html?embed=1&sample=1&lang=en HTTP/1.1" 200 -
[WebServer] ::1 - - [12/Sep/2026 02:55:29] "GET /assets/images/template-covers-v2/verde.png HTTP/1.1" 200 -
[WebServer] ::1 - - [12/Sep/2026 02:55:29] "GET /assets/images/template-covers-v2/noir.png HTTP/1.1" 200 -
[WebServer] ::1 - - [12/Sep/2026 02:55:29] "GET /assets/images/template-covers-v2/atelier.png HTTP/1.1" 200 -
[WebServer] ::1 - - [12/Sep/2026 02:55:29] "GET /assets/images/template-covers-v2/amalfi.png HTTP/1.1" 200 -
[WebServer] ::1 - - [12/Sep/2026 02:55:29] "GET /assets/images/template-covers-v2/sora.png HTTP/1.1" 200 -
[WebServer] ::1 - - [12/Sep/2026 02:55:29] "GET /assets/css/templates/base-menu.css HTTP/1.1" 200 -
[WebServer] ::1 - - [12/Sep/2026 02:55:29] "GET /assets/css/templates/feast.css HTTP/1.1" 200 -
[WebServer] ::1 - - [12/Sep/2026 02:55:29] "GET /assets/js/menu/menu-data.js HTTP/1.1" 200 -
[WebServer] ::1 - - [12/Sep/2026 02:55:29] "GET /assets/js/menu/theme-controller.js HTTP/1.1" 200 -
[WebServer] ::1 - - [12/Sep/2026 02:55:29] "GET /assets/js/menu/feast-renderer.js HTTP/1.1" 200 -
[WebServer] ::1 - - [12/Sep/2026 02:55:29] "GET /assets/js/menu/template-controller.js HTTP/1.1" 200 -
[WebServer] ::1 - - [12/Sep/2026 02:55:29] "GET /assets/images/template-covers-v2/mellow.png HTTP/1.1" 200 -
[WebServer] ::1 - - [12/Sep/2026 02:55:29] "GET /assets/images/template-covers-v2/souk.png HTTP/1.1" 200 -
[WebServer] ::1 - - [12/Sep/2026 02:55:29] "GET /assets/images/template-covers-v2/feast.png HTTP/1.1" 200 -
[WebServer] ::1 - - [12/Sep/2026 02:55:29] "GET /assets/images/template-covers-v2/ember.png HTTP/1.1" 200 -
[WebServer] ::1 - - [12/Sep/2026 02:55:29] "GET /assets/images/oliva-seabass.png HTTP/1.1" 200 -
[WebServer] ::1 - - [12/Sep/2026 02:55:29] "GET /assets/images/menu/charred-octopus.jpg HTTP/1.1" 200 -
[WebServer] ::1 - - [12/Sep/2026 02:55:29] "GET /assets/images/menu/whipped-feta.jpg HTTP/1.1" 200 -
[WebServer] ::1 - - [12/Sep/2026 02:55:29] "GET /assets/images/menu/green-herb-hummus.jpg HTTP/1.1" 200 -
[WebServer] ::1 - - [12/Sep/2026 02:55:29] "GET /assets/images/menu/lamb-kibbeh.jpg HTTP/1.1" 200 -
[WebServer] ::1 - - [12/Sep/2026 02:55:29] "GET /assets/images/menu/burrata-tomato.jpg HTTP/1.1" 200 -
[WebServer] ::1 - - [12/Sep/2026 02:55:29] "GET /assets/images/menu/garden-fattoush.jpg HTTP/1.1" 200 -
[WebServer] ::1 - - [12/Sep/2026 02:55:29] "GET /assets/images/menu/peach-halloumi.jpg HTTP/1.1" 200 -
[WebServer] ::1 - - [12/Sep/2026 02:55:29] "GET /assets/images/menu/whipped-feta.jpg HTTP/1.1" 200 -
[WebServer] ::1 - - [12/Sep/2026 02:55:29] "GET /assets/images/menu/burrata-tomato.jpg HTTP/1.1" 200 -
[WebServer] ::1 - - [12/Sep/2026 02:55:29] "GET /assets/images/menu/whipped-feta.jpg HTTP/1.1" 200 -
  ✓   8 [chromium] › tests/feast-template.spec.js:84:3 › Feast — cross-system integration › Template Preview Workspace defaults to mobile and renders Feast cleanly (1.2s)
  ✓  11 [chromium] › tests/feast-template.spec.js:122:3 › Feast — cross-system integration › Guest-facing template page carries zero dashboard/editor/preview chrome (815ms)
  ✓   9 [chromium] › tests/feast-template.spec.js:90:3 › Feast — cross-system integration › Template Preview Workspace always uses the full sample menu (1.2s)
[WebServer] ::1 - - [12/Sep/2026 02:55:29] "GET /assets/images/menu/whipped-feta.jpg HTTP/1.1" 200 -
[WebServer] ::1 - - [12/Sep/2026 02:55:29] "GET /template-customizer.html?template=atelier HTTP/1.1" 200 -
[WebServer] ::1 - - [12/Sep/2026 02:55:29] "GET /assets/css/variables.css HTTP/1.1" 200 -
[WebServer] ::1 - - [12/Sep/2026 02:55:29] "GET /assets/css/reset.css HTTP/1.1" 200 -
[WebServer] ::1 - - [12/Sep/2026 02:55:29] "GET /assets/css/customizer.css HTTP/1.1" 200 -
[WebServer] ::1 - - [12/Sep/2026 02:55:29] "GET /assets/branding/daify-logo-light.png HTTP/1.1" 200 -
[WebServer] ::1 - - [12/Sep/2026 02:55:29] "GET /templates/atelier.html?embed=1&sample=1 HTTP/1.1" 200 -
[WebServer] ::1 - - [12/Sep/2026 02:55:29] "GET /assets/js/menu/templates-config.js HTTP/1.1" 200 -
[WebServer] ::1 - - [12/Sep/2026 02:55:29] "GET /assets/css/templates/polish.css HTTP/1.1" 200 -
[WebServer] ::1 - - [12/Sep/2026 02:55:29] "GET /assets/js/menu/theme-controller.js HTTP/1.1" 200 -
[WebServer] ::1 - - [12/Sep/2026 02:55:29] "GET /assets/css/templates/base-menu.css HTTP/1.1" 200 -
[WebServer] ::1 - - [12/Sep/2026 02:55:29] "GET /assets/js/menu/menu-data.js HTTP/1.1" 200 -
[WebServer] ::1 - - [12/Sep/2026 02:55:29] "GET /assets/css/templates/atelier.css HTTP/1.1" 200 -
[WebServer] ::1 - - [12/Sep/2026 02:55:29] "GET /assets/js/menu/menu-renderer.js HTTP/1.1" 200 -
[WebServer] ::1 - - [12/Sep/2026 02:55:29] "GET /assets/js/menu/template-controller.js HTTP/1.1" 200 -
[WebServer] ::1 - - [12/Sep/2026 02:55:29] "GET /template-customizer.html?template=feast HTTP/1.1" 200 -
[WebServer] ::1 - - [12/Sep/2026 02:55:29] "GET /assets/js/menu/customizer.js HTTP/1.1" 200 -
[WebServer] ::1 - - [12/Sep/2026 02:55:29] "GET /assets/css/variables.css HTTP/1.1" 200 -
[WebServer] ::1 - - [12/Sep/2026 02:55:29] "GET /assets/css/reset.css HTTP/1.1" 200 -
[WebServer] ::1 - - [12/Sep/2026 02:55:29] "GET /assets/css/customizer.css HTTP/1.1" 200 -
[WebServer] ::1 - - [12/Sep/2026 02:55:29] "GET /assets/branding/daify-logo-light.png HTTP/1.1" 200 -
[WebServer] ::1 - - [12/Sep/2026 02:55:29] "GET /templates/atelier.html?embed=1&sample=1 HTTP/1.1" 200 -
[WebServer] ::1 - - [12/Sep/2026 02:55:29] "GET /template-customizer.html?template=feast HTTP/1.1" 200 -
[WebServer] ::1 - - [12/Sep/2026 02:55:29] "GET /assets/css/templates/base-menu.css HTTP/1.1" 200 -
[WebServer] ::1 - - [12/Sep/2026 02:55:29] "GET /assets/css/templates/atelier.css HTTP/1.1" 200 -
[WebServer] ::1 - - [12/Sep/2026 02:55:29] "GET /assets/css/templates/polish.css HTTP/1.1" 200 -
[WebServer] ::1 - - [12/Sep/2026 02:55:29] "GET /assets/js/menu/menu-data.js HTTP/1.1" 200 -
[WebServer] ::1 - - [12/Sep/2026 02:55:29] "GET /assets/css/variables.css HTTP/1.1" 200 -
[WebServer] ::1 - - [12/Sep/2026 02:55:29] "GET /assets/css/customizer.css HTTP/1.1" 200 -
[WebServer] ::1 - - [12/Sep/2026 02:55:29] "GET /assets/css/reset.css HTTP/1.1" 200 -
[WebServer] ::1 - - [12/Sep/2026 02:55:29] "GET /assets/js/menu/theme-controller.js HTTP/1.1" 200 -
[WebServer] ::1 - - [12/Sep/2026 02:55:29] "GET /assets/js/menu/menu-renderer.js HTTP/1.1" 200 -
[WebServer] ::1 - - [12/Sep/2026 02:55:29] "GET /templates/atelier.html?embed=1&sample=1 HTTP/1.1" 200 -
[WebServer] ::1 - - [12/Sep/2026 02:55:29] "GET /assets/js/menu/template-controller.js HTTP/1.1" 200 -
[WebServer] ::1 - - [12/Sep/2026 02:55:29] "GET /assets/branding/daify-logo-light.png HTTP/1.1" 200 -
[WebServer] ::1 - - [12/Sep/2026 02:55:29] "GET /assets/js/menu/templates-config.js HTTP/1.1" 200 -
[WebServer] ::1 - - [12/Sep/2026 02:55:29] "GET /assets/css/templates/base-menu.css HTTP/1.1" 200 -
[WebServer] ::1 - - [12/Sep/2026 02:55:29] "GET /assets/css/templates/atelier.css HTTP/1.1" 200 -
[WebServer] ::1 - - [12/Sep/2026 02:55:29] "GET /assets/css/templates/polish.css HTTP/1.1" 200 -
[WebServer] ::1 - - [12/Sep/2026 02:55:29] "GET /assets/js/menu/templates-config.js HTTP/1.1" 200 -
[WebServer] ::1 - - [12/Sep/2026 02:55:29] "GET /assets/js/menu/menu-data.js HTTP/1.1" 200 -
[WebServer] ::1 - - [12/Sep/2026 02:55:29] "GET /assets/js/menu/theme-controller.js HTTP/1.1" 200 -
[WebServer] ::1 - - [12/Sep/2026 02:55:29] "GET /assets/js/menu/menu-renderer.js HTTP/1.1" 200 -
[WebServer] ::1 - - [12/Sep/2026 02:55:29] "GET /assets/js/menu/customizer.js HTTP/1.1" 200 -
[WebServer] ::1 - - [12/Sep/2026 02:55:29] "GET /assets/js/menu/template-controller.js HTTP/1.1" 200 -
[WebServer] ::1 - - [12/Sep/2026 02:55:29] "GET /assets/js/menu/customizer.js HTTP/1.1" 200 -
  ✓  10 [chromium] › tests/feast-template.spec.js:114:3 › Feast — cross-system integration › Template Preview Workspace language toggle sets RTL inside the iframe (1.2s)
[WebServer] ::1 - - [12/Sep/2026 02:55:29] "GET /template-customizer.html?template=feast HTTP/1.1" 200 -
[WebServer] ::1 - - [12/Sep/2026 02:55:29] "GET /templates/atelier.html?embed=1&sample=1 HTTP/1.1" 200 -
[WebServer] ::1 - - [12/Sep/2026 02:55:29] "GET /assets/branding/daify-logo-light.png HTTP/1.1" 200 -
[WebServer] ::1 - - [12/Sep/2026 02:55:29] "GET /assets/js/menu/templates-config.js HTTP/1.1" 200 -
[WebServer] ::1 - - [12/Sep/2026 02:55:29] "GET /assets/css/reset.css HTTP/1.1" 200 -
[WebServer] ::1 - - [12/Sep/2026 02:55:29] "GET /assets/js/menu/customizer.js HTTP/1.1" 200 -
[WebServer] ::1 - - [12/Sep/2026 02:55:29] "GET /assets/css/customizer.css HTTP/1.1" 200 -
[WebServer] ::1 - - [12/Sep/2026 02:55:29] "GET /assets/css/variables.css HTTP/1.1" 200 -
[WebServer] ::1 - - [12/Sep/2026 02:55:29] "GET /assets/css/templates/base-menu.css HTTP/1.1" 200 -
[WebServer] ::1 - - [12/Sep/2026 02:55:29] "GET /assets/css/templates/atelier.css HTTP/1.1" 200 -
[WebServer] ::1 - - [12/Sep/2026 02:55:29] "GET /assets/js/menu/menu-data.js HTTP/1.1" 200 -
[WebServer] ::1 - - [12/Sep/2026 02:55:29] "GET /assets/css/templates/polish.css HTTP/1.1" 200 -
[WebServer] ::1 - - [12/Sep/2026 02:55:29] "GET /assets/js/menu/menu-renderer.js HTTP/1.1" 200 -
[WebServer] ::1 - - [12/Sep/2026 02:55:29] "GET /assets/js/menu/theme-controller.js HTTP/1.1" 200 -
[WebServer] ::1 - - [12/Sep/2026 02:55:29] "GET /assets/js/menu/template-controller.js HTTP/1.1" 200 -
[WebServer] ::1 - - [12/Sep/2026 02:55:30] "GET /assets/images/template-covers-v2/atelier.png HTTP/1.1" 200 -
[WebServer] ::1 - - [12/Sep/2026 02:55:30] "GET /assets/images/menu/whipped-feta.jpg HTTP/1.1" 200 -
[WebServer] ::1 - - [12/Sep/2026 02:55:30] "GET /assets/images/menu/burrata-tomato.jpg HTTP/1.1" 200 -
[WebServer] ::1 - - [12/Sep/2026 02:55:30] "GET /templates/atelier.html?embed=1&sample=1&lang=en&theme=%7B%22mobileColumns%22%3A%221%22%2C%22tabletColumns%22%3A%222%22%2C%22desktopColumns%22%3A%223%22%2C%22background%22%3A%22%23f4efe5%22%2C%22surface%22%3A%22%23fbf8f2%22%2C%22primary%22%3A%22%23211f1b%22%2C%22accent%22%3A%22%23b5965b%22%2C%22text%22%3A%22%23211f1b%22%2C%22muted%22%3A%22%23716c63%22%2C%22cardRadius%22%3A%222px%22%2C%22buttonRadius%22%3A%224px%22%2C%22itemLayout%22%3A%22list%22%2C%22sectionNav%22%3A%22minimal%22%2C%22cardStyle%22%3A%22flat%22%2C%22imageStyle%22%3A%22square%22%2C%22gridColumns%22%3A%221%22%7D HTTP/1.1" 200 -
[WebServer] ::1 - - [12/Sep/2026 02:55:30] "GET /assets/images/template-covers-v2/atelier.png HTTP/1.1" 200 -
[WebServer] ::1 - - [12/Sep/2026 02:55:30] "GET /assets/images/menu/whipped-feta.jpg HTTP/1.1" 200 -
[WebServer] ::1 - - [12/Sep/2026 02:55:30] "GET /assets/images/menu/burrata-tomato.jpg HTTP/1.1" 200 -
[WebServer] ::1 - - [12/Sep/2026 02:55:30] "GET /templates/feast.html?embed=1&sample=1&lang=en&theme=%7B%22mobileColumns%22%3A%221%22%2C%22tabletColumns%22%3A%222%22%2C%22desktopColumns%22%3A%222%22%2C%22background%22%3A%22%23f7f5f0%22%2C%22surface%22%3A%22%23ffffff%22%2C%22primary%22%3A%22%231a1d1b%22%2C%22accent%22%3A%22%231f6f5c%22%2C%22text%22%3A%22%231a1d1b%22%2C%22muted%22%3A%22%236b6f6a%22%2C%22cardRadius%22%3A%2220px%22%2C%22buttonRadius%22%3A%22999px%22%2C%22cardStyle%22%3A%22flat%22%2C%22imageStyle%22%3A%22rounded%22%2C%22itemLayout%22%3A%22grid%22%2C%22sectionNav%22%3A%22chips%22%2C%22gridColumns%22%3A%221%22%7D HTTP/1.1" 200 -
[WebServer] ::1 - - [12/Sep/2026 02:55:30] "GET /assets/css/templates/feast.css HTTP/1.1" 200 -
[WebServer] ::1 - - [12/Sep/2026 02:55:30] "GET /templates/feast.html?embed=1&sample=1&lang=en&theme=%7B%22mobileColumns%22%3A%221%22%2C%22tabletColumns%22%3A%222%22%2C%22desktopColumns%22%3A%222%22%2C%22background%22%3A%22%23f7f5f0%22%2C%22surface%22%3A%22%23ffffff%22%2C%22primary%22%3A%22%231a1d1b%22%2C%22accent%22%3A%22%231f6f5c%22%2C%22text%22%3A%22%231a1d1b%22%2C%22muted%22%3A%22%236b6f6a%22%2C%22cardRadius%22%3A%2220px%22%2C%22buttonRadius%22%3A%22999px%22%2C%22cardStyle%22%3A%22flat%22%2C%22imageStyle%22%3A%22rounded%22%2C%22itemLayout%22%3A%22grid%22%2C%22sectionNav%22%3A%22chips%22%2C%22gridColumns%22%3A%221%22%7D HTTP/1.1" 200 -
[WebServer] ::1 - - [12/Sep/2026 02:55:30] "GET /assets/js/menu/feast-renderer.js HTTP/1.1" 200 -
[WebServer] ::1 - - [12/Sep/2026 02:55:30] "GET /assets/css/templates/feast.css HTTP/1.1" 200 -
[WebServer] ::1 - - [12/Sep/2026 02:55:30] "GET /assets/images/template-covers-v2/feast.png HTTP/1.1" 200 -
[WebServer] ::1 - - [12/Sep/2026 02:55:30] "GET /assets/js/menu/feast-renderer.js HTTP/1.1" 200 -
[WebServer] ::1 - - [12/Sep/2026 02:55:30] "GET /assets/images/template-covers-v2/feast.png HTTP/1.1" 200 -
[WebServer] ::1 - - [12/Sep/2026 02:55:30] "GET /assets/images/menu/whipped-feta.jpg HTTP/1.1" 200 -
[WebServer] ::1 - - [12/Sep/2026 02:55:30] "GET /templates/feast.html?embed=1&sample=1&lang=en&theme=%7B%22mobileColumns%22%3A%221%22%2C%22tabletColumns%22%3A%222%22%2C%22desktopColumns%22%3A%222%22%2C%22background%22%3A%22%23f7f5f0%22%2C%22surface%22%3A%22%23ffffff%22%2C%22primary%22%3A%22%231a1d1b%22%2C%22accent%22%3A%22%231f6f5c%22%2C%22text%22%3A%22%231a1d1b%22%2C%22muted%22%3A%22%236b6f6a%22%2C%22cardRadius%22%3A%2220px%22%2C%22buttonRadius%22%3A%22999px%22%2C%22cardStyle%22%3A%22flat%22%2C%22imageStyle%22%3A%22rounded%22%2C%22itemLayout%22%3A%22grid%22%2C%22sectionNav%22%3A%22chips%22%2C%22gridColumns%22%3A%221%22%7D HTTP/1.1" 200 -
[WebServer] ::1 - - [12/Sep/2026 02:55:30] "GET /assets/css/templates/feast.css HTTP/1.1" 200 -
[WebServer] ::1 - - [12/Sep/2026 02:55:31] "GET /assets/js/menu/feast-renderer.js HTTP/1.1" 200 -
[WebServer] ::1 - - [12/Sep/2026 02:55:31] "GET /assets/images/template-covers-v2/feast.png HTTP/1.1" 200 -
[WebServer] ::1 - - [12/Sep/2026 02:55:31] "GET /assets/images/menu/whipped-feta.jpg HTTP/1.1" 200 -
  ✓  14 [chromium] › tests/feast-template.spec.js:158:3 › Feast — cross-system integration › Customizer theme edits apply live to the Feast preview iframe (1.7s)
  ✓  13 [chromium] › tests/feast-template.spec.js:128:3 › Feast — cross-system integration › Customizer exposes the same complete design system for Feast (1.8s)
[WebServer] ::1 - - [12/Sep/2026 02:55:31] "GET /dashboard/design.html HTTP/1.1" 200 -
[WebServer] ::1 - - [12/Sep/2026 02:55:31] "GET /assets/css/variables.css HTTP/1.1" 200 -
[WebServer] ::1 - - [12/Sep/2026 02:55:31] "GET /assets/css/reset.css HTTP/1.1" 200 -
[WebServer] ::1 - - [12/Sep/2026 02:55:31] "GET /assets/css/style.css HTTP/1.1" 200 -
[WebServer] ::1 - - [12/Sep/2026 02:55:31] "GET /assets/css/dashboard/variables.css HTTP/1.1" 200 -
[WebServer] ::1 - - [12/Sep/2026 02:55:31] "GET /assets/css/dashboard/layout.css HTTP/1.1" 200 -
[WebServer] ::1 - - [12/Sep/2026 02:55:31] "GET /assets/css/dashboard/components.css HTTP/1.1" 200 -
[WebServer] ::1 - - [12/Sep/2026 02:55:31] "GET /assets/css/dashboard/forms.css HTTP/1.1" 200 -
[WebServer] ::1 - - [12/Sep/2026 02:55:31] "GET /assets/css/dashboard/tables.css HTTP/1.1" 200 -
[WebServer] ::1 - - [12/Sep/2026 02:55:31] "GET /assets/css/dashboard/responsive.css HTTP/1.1" 200 -
[WebServer] ::1 - - [12/Sep/2026 02:55:31] "GET /assets/js/menu/menu-data.js HTTP/1.1" 200 -
[WebServer] ::1 - - [12/Sep/2026 02:55:31] "GET /assets/css/responsive.css HTTP/1.1" 200 -
[WebServer] ::1 - - [12/Sep/2026 02:55:31] "GET /assets/js/menu/templates-config.js HTTP/1.1" 200 -
[WebServer] ::1 - - [12/Sep/2026 02:55:31] "GET /assets/css/brand.css HTTP/1.1" 200 -
[WebServer] ::1 - - [12/Sep/2026 02:55:31] "GET /assets/css/mobile-menu.css HTTP/1.1" 200 -
[WebServer] ::1 - - [12/Sep/2026 02:55:31] "GET /assets/js/menu/menu-renderer.js HTTP/1.1" 200 -
[WebServer] ::1 - - [12/Sep/2026 02:55:31] "GET /assets/js/dashboard/data/users.js HTTP/1.1" 200 -
[WebServer] ::1 - - [12/Sep/2026 02:55:31] "GET /assets/js/dashboard/data/menus.js HTTP/1.1" 200 -
[WebServer] ::1 - - [12/Sep/2026 02:55:31] "GET /assets/js/dashboard/data/analytics.js HTTP/1.1" 200 -
[WebServer] ::1 - - [12/Sep/2026 02:55:31] "GET /assets/js/dashboard/data/restaurants.js HTTP/1.1" 200 -
[WebServer] ::1 - - [12/Sep/2026 02:55:31] "GET /assets/js/dashboard/data/subscriptions.js HTTP/1.1" 200 -
[WebServer] ::1 - - [12/Sep/2026 02:55:31] "GET /assets/js/dashboard/permissions.js HTTP/1.1" 200 -
[WebServer] ::1 - - [12/Sep/2026 02:55:31] "GET /assets/js/dashboard/store.js HTTP/1.1" 200 -
[WebServer] ::1 - - [12/Sep/2026 02:55:31] "GET /assets/js/dashboard/shell-common.js HTTP/1.1" 200 -
[WebServer] ::1 - - [12/Sep/2026 02:55:31] "GET /assets/js/dashboard/shell.js HTTP/1.1" 200 -
[WebServer] ::1 - - [12/Sep/2026 02:55:31] "GET /assets/js/dashboard/pages/design.js HTTP/1.1" 200 -
[WebServer] ::1 - - [12/Sep/2026 02:55:31] "GET /templates/atelier.html HTTP/1.1" 200 -
  ✓  15 [chromium] › tests/feast-template.spec.js:168:3 › Feast — cross-system integration › Customizer always shows the complete example menu (1.6s)
[WebServer] ::1 - - [12/Sep/2026 02:55:31] "GET /assets/css/templates/polish.css HTTP/1.1" 200 -
[WebServer] ::1 - - [12/Sep/2026 02:55:31] "GET /assets/css/templates/base-menu.css HTTP/1.1" 200 -
[WebServer] ::1 - - [12/Sep/2026 02:55:31] "GET /assets/js/menu/menu-data.js HTTP/1.1" 200 -
[WebServer] ::1 - - [12/Sep/2026 02:55:31] "GET /assets/js/menu/templates-config.js HTTP/1.1" 200 -
[WebServer] ::1 - - [12/Sep/2026 02:55:31] "GET /assets/js/menu/theme-controller.js HTTP/1.1" 200 -
[WebServer] ::1 - - [12/Sep/2026 02:55:31] "GET /assets/js/menu/menu-renderer.js HTTP/1.1" 200 -
[WebServer] ::1 - - [12/Sep/2026 02:55:31] "GET /assets/css/templates/atelier.css HTTP/1.1" 200 -
[WebServer] ::1 - - [12/Sep/2026 02:55:31] "GET /assets/js/menu/template-controller.js HTTP/1.1" 200 -
  ✓  12 [chromium] › tests/feast-template.spec.js:142:3 › Feast — cross-system integration › Customizer keeps independent mobile, tablet, and desktop column counts (2.0s)
[WebServer] ::1 - - [12/Sep/2026 02:55:31] "GET /templates/atelier.html?embed=1 HTTP/1.1" 200 -
[WebServer] ::1 - - [12/Sep/2026 02:55:31] "GET /assets/branding/daify-logo-light.png HTTP/1.1" 200 -
[WebServer] ::1 - - [12/Sep/2026 02:55:31] "GET /assets/css/templates/atelier.css HTTP/1.1" 200 -
[WebServer] ::1 - - [12/Sep/2026 02:55:31] "GET /assets/css/templates/base-menu.css HTTP/1.1" 200 -
[WebServer] ::1 - - [12/Sep/2026 02:55:31] "GET /assets/css/templates/polish.css HTTP/1.1" 200 -
[WebServer] ::1 - - [12/Sep/2026 02:55:31] "GET /assets/js/menu/theme-controller.js HTTP/1.1" 200 -
[WebServer] ::1 - - [12/Sep/2026 02:55:31] "GET /assets/js/menu/template-controller.js HTTP/1.1" 200 -
[WebServer] ::1 - - [12/Sep/2026 02:55:31] "GET /assets/images/menu/whipped-feta.jpg HTTP/1.1" 200 -
[WebServer] ::1 - - [12/Sep/2026 02:55:31] "GET /assets/images/oliva-seabass.png HTTP/1.1" 200 -
[WebServer] ::1 - - [12/Sep/2026 02:55:31] "GET /assets/images/menu/burrata-tomato.jpg HTTP/1.1" 200 -
[WebServer] ::1 - - [12/Sep/2026 02:55:31] "GET /assets/images/menu/truffle-rigatoni.jpg HTTP/1.1" 200 -
[WebServer] ::1 - - [12/Sep/2026 02:55:31] "GET /assets/images/menu/olive-oil-cake.jpg HTTP/1.1" 200 -
[WebServer] ::1 - - [12/Sep/2026 02:55:31] "GET /assets/images/menu/charred-octopus.jpg HTTP/1.1" 200 -
[WebServer] ::1 - - [12/Sep/2026 02:55:31] "GET /assets/images/menu/green-herb-hummus.jpg HTTP/1.1" 200 -
[WebServer] ::1 - - [12/Sep/2026 02:55:31] "GET /assets/images/menu/lamb-kibbeh.jpg HTTP/1.1" 200 -
[WebServer] ::1 - - [12/Sep/2026 02:55:31] "GET /assets/images/menu/garden-fattoush.jpg HTTP/1.1" 200 -
[WebServer] ::1 - - [12/Sep/2026 02:55:31] "GET /assets/images/menu/peach-halloumi.jpg HTTP/1.1" 200 -
[WebServer] ::1 - - [12/Sep/2026 02:55:31] "GET /assets/images/menu/warm-lentil-salad.jpg HTTP/1.1" 200 -
  ✓  17 [chromium] › tests/feast-template.spec.js:195:3 › Classic family — unaffected by the registry refactor › Atelier still renders via the classic renderer with no Feast markup (947ms)
[WebServer] ::1 - - [12/Sep/2026 02:55:32] "GET /assets/images/menu/whipped-feta.jpg HTTP/1.1" 200 -
[WebServer] ::1 - - [12/Sep/2026 02:55:32] "GET /assets/images/template-covers-v2/atelier.png HTTP/1.1" 200 -
[WebServer] ::1 - - [12/Sep/2026 02:55:32] "GET /assets/images/menu/burrata-tomato.jpg HTTP/1.1" 200 -
[WebServer] ::1 - - [12/Sep/2026 02:55:32] "GET /templates/feast.html?embed=1 HTTP/1.1" 200 -
[WebServer] ::1 - - [12/Sep/2026 02:55:32] "GET /assets/css/templates/feast.css HTTP/1.1" 200 -
[WebServer] ::1 - - [12/Sep/2026 02:55:32] "GET /assets/js/menu/feast-renderer.js HTTP/1.1" 200 -
[WebServer] ::1 - - [12/Sep/2026 02:55:32] "GET /assets/images/template-covers-v2/feast.png HTTP/1.1" 200 -
  ✓  16 [chromium] › tests/feast-template.spec.js:185:3 › Feast — cross-system integration › Dashboard Design page can select Feast and renders it in the live preview (1.3s)

  17 passed (8.2s)
